../Drivers/STM32F4xx_HAL_Driver/Inc/stm32f4xx_ll_usart.h:1814:26:LL_USART_IsActiveFlag_TXE	16	static
../Drivers/STM32F4xx_HAL_Driver/Inc/stm32f4xx_ll_usart.h:2035:22:LL_USART_EnableIT_RXNE	40	static,ignoring_inline_asm
../Drivers/STM32F4xx_HAL_Driver/Inc/stm32f4xx_ll_usart.h:2057:22:LL_USART_EnableIT_TXE	40	static,ignoring_inline_asm
../Drivers/STM32F4xx_HAL_Driver/Inc/stm32f4xx_ll_usart.h:2131:22:LL_USART_DisableIT_RXNE	40	static,ignoring_inline_asm
../Drivers/STM32F4xx_HAL_Driver/Inc/stm32f4xx_ll_usart.h:2153:22:LL_USART_DisableIT_TXE	40	static,ignoring_inline_asm
../Drivers/STM32F4xx_HAL_Driver/Inc/stm32f4xx_ll_usart.h:2426:22:LL_USART_TransmitData8	16	static
../UARTStdio/uartstdio.c:161:1:IsBufferFull	32	static
../UARTStdio/uartstdio.c:192:1:IsBufferEmpty	24	static
../UARTStdio/uartstdio.c:223:1:GetBufferCount	32	static
../UARTStdio/uartstdio.c:245:1:UARTPrimeTransmit	16	static
../UARTStdio/uartstdio.c:300:1:UARTStdioConfig	16	static
../UARTStdio/uartstdio.c:355:1:UARTwrite	24	static
../UARTStdio/uartstdio.c:493:1:UARTgets	24	static
../UARTStdio/uartstdio.c:710:1:UARTgetc	16	static
../UARTStdio/uartstdio.c:784:1:UARTvprintf	64	static
../UARTStdio/uartstdio.c:1216:1:UARTprintf	16	static
../UARTStdio/uartstdio.c:1246:1:UARTRxBytesAvail	8	static
../UARTStdio/uartstdio.c:1265:1:UARTTxBytesFree	8	static
../UARTStdio/uartstdio.c:1292:1:UARTPeek	32	static
../UARTStdio/uartstdio.c:1346:1:UARTFlushRx	8	static
../UARTStdio/uartstdio.c:1389:1:UARTFlushTx	16	static
../UARTStdio/uartstdio.c:1451:1:UARTEchoSet	16	static
../UARTStdio/uartstdio.c:1471:1:UARTStdioIntHandler	24	static
